[backblue.gif]
[fade.gif]
[index.html]
[mbltdev.ru/index.html]
[mbltdev.ru/en.html]
[mbltdev.ru/assets/application-5fa24566ae10f4bb0c0514bf4818c6302b2d6f5dbd8385c7300159e258298e49.css]
[mbltdev.ru/assets/favicon-3335aebf5b84be73828e88515a417b4f63dff0a80311d0660e32f83eca5a9ddf.ico]
[mbltdev.ru/manifest.json]
[mbltdev.ru/favicon-16x16.png]
[mbltdev.ru/favicon-32x32.png]
[mbltdev.ru/favicon-96x96.png]
[mbltdev.ru/android-chrome-192x192.png]
[mbltdev.ru/apple-touch-icon-57x57.png]
[mbltdev.ru/apple-touch-icon-60x60.png]
[mbltdev.ru/apple-touch-icon-72x72.png]
[mbltdev.ru/apple-touch-icon-76x76.png]
[mbltdev.ru/apple-touch-icon-114x114.png]
[mbltdev.ru/apple-touch-icon-120x120.png]
[mbltdev.ru/apple-touch-icon-144x144.png]
[mbltdev.ru/apple-touch-icon-152x152.png]
[mbltdev.ru/apple-touch-icon-180x180.png]
[mbltdev.ru/assets/logo-05ffac1d5f723a38591e8444dd3c48af8808c1146dad5c4a466f581ca4f38ce7.svg]
[mbltdev.ru/en/video.html]
[mbltdev.ru/ru.html]
[mbltdev.ru/system/speakers/photos/000/000/016/main/обхуов.jpg]
[mbltdev.ru/system/speakers/photos/000/000/013/main/Romaine_profile_image2.jpg]
[mbltdev.ru/system/speakers/photos/000/000/009/main/bogo.jpg]
[mbltdev.ru/system/speakers/photos/000/000/001/main/IMG_5331_optimised.jpg]
[mbltdev.ru/system/speakers/photos/000/000/002/main/AAEAAQAAAAAAAAlLAAAAJDM5ZTRjNTc0LWNlZWEtNGExMi05ZDBiLWZlNjE0MzdmNTcwMg.jpg]
[mbltdev.ru/www.contentful.com]
[mbltdev.ru/system/speakers/photos/000/000/006/main/Hr7g3MtG-2.png]
[mbltdev.ru/system/speakers/photos/000/000/004/main/10548048_10204315034509701_8176979559202804967_o-2.jpg]
[mbltdev.ru/system/speakers/photos/000/000/027/main/зимин.jpg]
[mbltdev.ru/system/speakers/photos/000/000/012/main/mirotin.jpg]
[mbltdev.ru/system/speakers/photos/000/000/030/main/касперыч.jpg]
[mbltdev.ru/system/speakers/photos/000/000/026/main/Sergey_Gvozdov_small.png]
[mbltdev.ru/system/speakers/photos/000/000/015/main/Копия_лавренюк.jpg]
[mbltdev.ru/system/speakers/photos/000/000/028/main/Литвяков.jpg]
[mbltdev.ru/system/speakers/photos/000/000/018/main/YDXJ0286_(1)_—_копия.jpg]
[mbltdev.ru/system/speakers/photos/000/000/023/main/10514329_780071718703664_4330699786347686324_o.jpg]
[mbltdev.ru/system/speakers/photos/000/000/031/main/чута.jpg]
[mbltdev.ru/system/speakers/photos/000/000/019/main/тепинин.jpg]
[mbltdev.ru/system/speakers/photos/000/000/007/main/костырев.jpg]
[mbltdev.ru/system/speakers/photos/000/000/008/main/dmitry.jpg]
[mbltdev.ru/system/speakers/photos/000/000/022/main/IMG_1276.png]
[mbltdev.ru/system/speakers/photos/000/000/024/main/старикова.jpg]
[mbltdev.ru/system/speakers/photos/000/000/020/main/карташов.jpg]
[mbltdev.ru/system/speakers/photos/000/000/010/main/lbugaev_03.jpg]
[mbltdev.ru/system/speakers/photos/000/000/014/main/вдовиченко111.jpg]
[mbltdev.ru/system/speakers/photos/000/000/016/schedule/обхуов.jpg]
[mbltdev.ru/system/speakers/company_logos/000/000/016/original/realm.png]
[mbltdev.ru/system/speakers/company_logos/000/000/001/original/logo-just-eat-2016_x2.png]
[mbltdev.ru/system/speakers/photos/000/000/009/schedule/bogo.jpg]
[mbltdev.ru/system/speakers/company_logos/000/000/009/original/dropbox_blue.png]
[mbltdev.ru/system/speakers/photos/000/000/004/schedule/10548048_10204315034509701_8176979559202804967_o-2.jpg]
[mbltdev.ru/system/speakers/company_logos/000/000/004/original/android-iasi-logo-large.png]
[mbltdev.ru/system/speakers/photos/000/000/003/schedule/шишкин.jpg]
[mbltdev.ru/system/speakers/company_logos/000/000/003/original/aviasales-black.png]
[mbltdev.ru/system/speakers/company_logos/000/000/002/original/177922-logo-d8345a-large-1441290673.png]
[mbltdev.ru/system/speakers/photos/000/000/012/schedule/mirotin.jpg]
[mbltdev.ru/system/speakers/company_logos/000/000/012/original/resin-logo.png]
[mbltdev.ru/system/speakers/photos/000/000/029/schedule/Дащак.jpg]
[mbltdev.ru/system/speakers/company_logos/000/000/029/original/sberbank2010.png]
[mbltdev.ru/system/speakers/photos/000/000/006/schedule/Hr7g3MtG-2.png]
[mbltdev.ru/system/speakers/company_logos/000/000/006/original/many_things_logo.png]
[mbltdev.ru/system/speakers/company_logos/000/000/013/original/Romaine-Reid-Logo.png]
[mbltdev.ru/system/speakers/photos/000/000/008/schedule/dmitry.jpg]
[mbltdev.ru/system/speakers/company_logos/000/000/008/original/1414228815325188681.png]
[mbltdev.ru/system/speakers/photos/000/000/007/schedule/костырев.jpg]
[mbltdev.ru/system/speakers/company_logos/000/000/007/original/logo-avito.png]
[mbltdev.ru/system/speakers/photos/000/000/028/schedule/Литвяков.jpg]
[mbltdev.ru/system/speakers/company_logos/000/000/028/original/sberbank2010.png]
[mbltdev.ru/system/speakers/company_logos/000/000/017/original/рамблер-белый.png]
[mbltdev.ru/system/speakers/company_logos/000/000/027/original/uberchord.png]
[mbltdev.ru/system/speakers/company_logos/000/000/030/original/Kaspersky_Lab_logo.png]
[mbltdev.ru/system/speakers/photos/000/000/015/schedule/Копия_лавренюк.jpg]
[mbltdev.ru/system/speakers/company_logos/000/000/015/original/2000px-Yandex_logo_ru.svg.png]
[mbltdev.ru/system/speakers/photos/000/000/018/schedule/YDXJ0286_(1)_—_копия.jpg]
[mbltdev.ru/system/speakers/company_logos/000/000/018/original/ok.png]
[mbltdev.ru/system/speakers/company_logos/000/000/026/original/logo_gismart_white_(1).png]
[mbltdev.ru/system/speakers/photos/000/000/010/schedule/lbugaev_03.jpg]
[mbltdev.ru/system/speakers/company_logos/000/000/010/original/bhsad_logo-ru_RGB.jpg]
[mbltdev.ru/system/speakers/photos/000/000/019/schedule/тепинин.jpg]
[mbltdev.ru/system/speakers/photos/000/000/014/schedule/вдовиченко111.jpg]
[mbltdev.ru/system/speakers/company_logos/000/000/014/original/voltmobi.png]
[mbltdev.ru/system/speakers/photos/000/000/021/schedule/арсенов.jpg]
[mbltdev.ru/system/speakers/company_logos/000/000/021/original/looi.png]
[mbltdev.ru/system/speakers/photos/000/000/022/schedule/IMG_1276.png]
[mbltdev.ru/system/speakers/company_logos/000/000/022/original/1414228815325188681.png]
[mbltdev.ru/system/speakers/company_logos/000/000/023/original/mustapp.png]
[mbltdev.ru/system/speakers/photos/000/000/031/schedule/чута.jpg]
[mbltdev.ru/system/speakers/company_logos/000/000/031/original/chapps.png]
[mbltdev.ru/system/speakers/company_logos/000/000/020/original/frank.png]
[mbltdev.ru/system/speakers/photos/000/000/024/schedule/старикова.jpg]
[mbltdev.ru/system/speakers/company_logos/000/000/024/original/voltmobi.png]
[mbltdev.ru/assets/elegion-d16a0de692a1ff59af62c39603a5a229058aea34061a2e2d01ecd2553a2731de.png]
[mbltdev.ru/assets/raec-2d0d6bfc27d8bbcd84ad5de7dff2f5e2cbb648a916b5433da3bd9fee211e2820.png]
[mbltdev.ru/system/partners/images/000/000/012/main/aviasales.png]
[mbltdev.ru/system/partners/images/000/000/029/main/sberbank2010.png]
[mbltdev.ru/system/partners/images/000/000/011/main/bhsad_logo-ru_RGB.jpg]
[mbltdev.ru/system/partners/images/000/000/010/main/logo-avito.png]
[mbltdev.ru/system/partners/images/000/000/009/main/google-logo-vector-free-download.png]
[mbltdev.ru/system/partners/images/000/000/032/main/do.png]
[mbltdev.ru/system/partners/images/000/000/031/main/DZ_Systems_logo.png]
[mbltdev.ru/system/partners/images/000/000/008/main/касперский.png]
[mbltdev.ru/system/partners/images/000/000/023/main/iphones_(1).png]
[mbltdev.ru/system/partners/images/000/000/024/main/ITmozg-Logo.png]
[mbltdev.ru/system/partners/images/000/000/025/main/superjob_logo_450.gif]
[mbltdev.ru/system/partners/images/000/000/013/main/unnamed.png]
[mbltdev.ru/system/partners/images/000/000/020/main/unspecified_(1).png]
[mbltdev.ru/system/partners/images/000/000/030/main/лого_(1).png]
[mbltdev.ru/system/partners/images/000/000/022/main/mbltdev_digest_logo-01.png]
[mbltdev.ru/system/partners/images/000/000/004/main/it_sobitie.png]
[mbltdev.ru/system/partners/images/000/000/034/main/Logo_AdIndex.jpg]
[mbltdev.ru/system/partners/images/000/000/019/main/LiveJournal_logo_500x200.jpg]
[mbltdev.ru/system/partners/images/000/000/016/main/droider_(1).png]
[mbltdev.ru/system/partners/images/000/000/021/main/goodreads.png]
[mbltdev.ru/system/partners/images/000/000/028/main/tagline_logo_(1).png]
[mbltdev.ru/system/partners/images/000/000/014/main/g-logo-dark.png]
[mbltdev.ru/system/partners/images/000/000/001/main/234x60.gif]
[mbltdev.ru/system/partners/images/000/000/003/main/apptractor.png]
[mbltdev.ru/system/partners/images/000/000/002/main/apps4all-newlogo_(1).png]
[mbltdev.ru/system/partners/images/000/000/015/main/14360490_10155463999598018_1196682691_o.png]
[mbltdev.ru/system/partners/images/000/000/007/main/dhr_logo_png_(1).png]
[mbltdev.ru/system/partners/images/000/000/017/main/Digibu_logo.jpg]
[mbltdev.ru/system/partners/images/000/000/006/main/runet_id.png]
[mbltdev.ru/system/partners/images/000/000/033/main/enguide.jpg]
[mbltdev.ru/assets/application-bf3bc0432481a1b47568cdbdfb9a901ee3f8ee8e7c622629c8677bf23d7b680f.js]
[mc.yandex.ru/metrika/watch.js]
[connect.facebook.net/en_US/fbevents.js]
[mbltdev.ru/en.html]
[mbltdev.ru/en/video.html]
[mbltdev.ru/ru.html]
[mbltdev.ru/www.contentful.html]
[mbltdev.ru/ru/video.html]
[mbltdev.ru/ru/video.html]
[mbltdev.ru/assets/favicon-3335aebf5b84be73828e88515a417b4f63dff0a80311d0660e32f83eca5a9ddf.ico]
[mbltdev.ru/assets/glyphicons-halflings-regular-f495f34e4f177cf0115af995bbbfeb3fcabc88502876e76fc51a4ab439bc8431d41d.eot]
[mbltdev.ru/manifest.json]
[mbltdev.ru/favicon-16x16.png]
[mbltdev.ru/assets/glyphicons-halflings-regular-fc969dc1c6ff531abcf368089dcbaf5775133b0626ff56b52301a059fc0f9e1e.woff]
[mbltdev.ru/assets/glyphicons-halflings-regular-bd18efd3efd70fec8ad09611a20cdbf99440b2c1d40085c29be036f891d65358.ttf]
[mbltdev.ru/favicon-32x32.png]
[mbltdev.ru/assets/glyphicons-halflings-regular-d168d50a88c730b4e6830dc0da2a2b51dae4658a77d9619943c27b8ecfc19d1a.svg]
[mbltdev.ru/favicon-96x96.png]
[mbltdev.ru/assets/calendar-7ccdcf07f0ce3c757a26220481680378bb80a34b0393824fbc6211429f7ddfbb.svg]
[mbltdev.ru/android-chrome-192x192.png]
[mbltdev.ru/assets/application-5fa24566ae10f4bb0c0514bf4818c6302b2d6f5dbd8385c7300159e258298e49.css]
[mbltdev.ru/apple-touch-icon-120x120.png]
[mbltdev.ru/system/speakers/photos/000/000/016/main/обхуов.jpg]
[mbltdev.ru/safari-pinned-tab.svg]
[mbltdev.ru/system/speakers/photos/000/000/013/main/Romaine_profile_image2.jpg]
[mbltdev.ru/system/speakers/photos/000/000/009/main/bogo.jpg]
[mbltdev.ru/assets/logo-05ffac1d5f723a38591e8444dd3c48af8808c1146dad5c4a466f581ca4f38ce7.svg]
[mbltdev.ru/system/speakers/photos/000/000/001/main/IMG_5331_optimised.jpg]
[mbltdev.ru/www.contentful.html]
[mbltdev.ru/system/speakers/photos/000/000/026/main/Sergey_Gvozdov_small.png]
[mbltdev.ru/system/speakers/photos/000/000/028/main/Литвяков.jpg]
[mbltdev.ru/system/speakers/photos/000/000/023/main/10514329_780071718703664_4330699786347686324_o.jpg]
[mbltdev.ru/system/speakers/photos/000/000/008/main/dmitry.jpg]
[mbltdev.ru/system/speakers/photos/000/000/022/main/IMG_1276.png]
[mbltdev.ru/system/speakers/company_logos/000/000/001/original/logo-just-eat-2016_x2.png]
[mbltdev.ru/system/speakers/company_logos/000/000/002/original/177922-logo-d8345a-large-1441290673.png]
[mbltdev.ru/system/speakers/company_logos/000/000/017/original/рамблер-белый.png]
[mbltdev.ru/system/speakers/company_logos/000/000/027/original/uberchord.png]
[mbltdev.ru/system/speakers/company_logos/000/000/030/original/Kaspersky_Lab_logo.png]
[mbltdev.ru/system/speakers/company_logos/000/000/026/original/logo_gismart_white_(1).png]
[mbltdev.ru/system/speakers/photos/000/000/014/schedule/вдовиченко111.jpg]
[mbltdev.ru/system/speakers/company_logos/000/000/023/original/mustapp.png]
[mbltdev.ru/system/speakers/company_logos/000/000/020/original/frank.png]
[mbltdev.ru/system/speakers/company_logos/000/000/013/original/Romaine-Reid-Logo.png]
[mbltdev.ru/system/partners/images/000/000/025/main/superjob_logo_450.gif]
[mbltdev.ru/assets/glyphicons-halflings-regular-fc969dc1c6ff531abcf368089dcbaf5775133b0626ff56b52301a059fc0f9e1e.woff]
[mbltdev.ru/assets/glyphicons-halflings-regular-f495f34e4f177cf0115af995bbbfeb3fcabc88502876e76fc51a4ab439bc8431d41d.eot]
[mbltdev.ru/Popover requires tooltip.97.delayed]
[mbltdev.ru/assets/glyphicons-halflings-regular-bd18efd3efd70fec8ad09611a20cdbf99440b2c1d40085c29be036f891d65358.ttf]
[mbltdev.ru/system/speakers/photos/000/000/029/main/Дащак.jpg]
[mbltdev.ru/system/speakers/photos/000/000/021/main/арсенов.jpg]
[mbltdev.ru/system/speakers/photos/000/000/011/main/037c21a5c1f780da04028ac4446f4a93.jpg]
[mbltdev.ru/system/speakers/photos/000/000/003/main/шишкин.jpg]
[mbltdev.ru/system/speakers/photos/000/000/017/main/крапивенский.jpg]
[mbltdev.ru/system/speakers/photos/000/000/001/schedule/IMG_5331_optimised.JPG]
[mbltdev.ru/system/speakers/photos/000/000/002/schedule/AAEAAQAAAAAAAAlLAAAAJDM5ZTRjNTc0LWNlZWEtNGExMi05ZDBiLWZlNjE0MzdmNTcwMg.jpg]
[mbltdev.ru/system/speakers/photos/000/000/013/schedule/Romaine_profile_image2.jpg]
[mbltdev.ru/system/speakers/photos/000/000/017/schedule/крапивенский.jpg]
[mbltdev.ru/system/speakers/photos/000/000/027/schedule/зимин.jpg]
[mbltdev.ru/assets/application-bf3bc0432481a1b47568cdbdfb9a901ee3f8ee8e7c622629c8677bf23d7b680f.js]
[mbltdev.ru/system/speakers/photos/000/000/030/schedule/касперыч.JPG]
[runet-id.com/javascripts/api/runetid.js]
[mbltdev.ru/system/speakers/photos/000/000/026/schedule/Sergey_Gvozdov_small.png]
[mbltdev.ru/get]
[mbltdev.ru/system/speakers/photos/000/000/023/schedule/10514329_780071718703664_4330699786347686324_o.jpg]
[mbltdev.ru/system/speakers/photos/000/000/020/schedule/карташов.jpg]
[mbltdev.ru/system/partners/images/000/000/026/main/рамблер-белый.png]
[mc.yandex.ru/metrika/watch.js]
[connect.facebook.net/en_US/fbevents.js]
[www.googletagmanager.com/gtm5445.html]
[mbltdev.ru/assets/glyphicons-halflings-regular-d168d50a88c730b4e6830dc0da2a2b51dae4658a77d9619943c27b8ecfc19d1a.svg]
[mbltdev.ru/assets/calendar-7ccdcf07f0ce3c757a26220481680378bb80a34b0393824fbc6211429f7ddfbb.svg]
[mbltdev.ru/Popover requires tooltip.html]
[runet-id.com/javascripts/api/runetid.js]
[mbltdev.ru/get.html]
[mbltdev.ru/system/speakers/company_logos/000/000/019/original/skyeng.png]
[mbltdev.ru/assets/glyphicons-halflings-regular-f495f34e4f177cf0115af995bbbfeb3fcabc88502876e76fc51a4ab439bc8431.eot]
[mbltdev.ru/path=]
[mbltdev.ru/path=/index.html]
[mc.yandex.ru/metrika/watch_match.html]
[mbltdev.ru/path=.html]
